../Core/Src/main.c:103:10:adc_to_mm	24	static
../Core/Src/main.c:130:6:IR_UpdateMinMax	24	static
../Core/Src/main.c:175:13:irReadNormalized	40	static
../Core/Src/main.c:193:5:main	72	static
../Core/Src/main.c:275:6:SystemClock_Config	88	static
../Core/Src/main.c:321:13:MX_ADC1_Init	56	static
../Core/Src/main.c:389:13:MX_I2C1_Init	8	static
../Core/Src/main.c:437:13:MX_TIM1_Init	120	static
../Core/Src/main.c:523:13:MX_TIM2_Init	56	static
../Core/Src/main.c:572:13:MX_TIM3_Init	56	static
../Core/Src/main.c:621:13:MX_TIM6_Init	24	static
../Core/Src/main.c:660:13:MX_USART2_UART_Init	8	static
../Core/Src/main.c:708:13:MX_GPIO_Init	40	static
../Core/Src/main.c:762:6:HAL_TIM_PeriodElapsedCallback	16	static
../Core/Src/main.c:776:6:Error_Handler	4	static,ignoring_inline_asm
