D:/Pc/Tools/stm32cube/Pascal/IMU_I2C/IMU_I2C/Core/Src/main.c:87:5:main	8	static
D:/Pc/Tools/stm32cube/Pascal/IMU_I2C/IMU_I2C/Core/Src/main.c:169:6:SystemClock_Config	88	static
D:/Pc/Tools/stm32cube/Pascal/IMU_I2C/IMU_I2C/Core/Src/main.c:215:13:MX_I2C1_Init	8	static
D:/Pc/Tools/stm32cube/Pascal/IMU_I2C/IMU_I2C/Core/Src/main.c:263:13:MX_TIM1_Init	104	static
D:/Pc/Tools/stm32cube/Pascal/IMU_I2C/IMU_I2C/Core/Src/main.c:339:13:MX_TIM2_Init	56	static
D:/Pc/Tools/stm32cube/Pascal/IMU_I2C/IMU_I2C/Core/Src/main.c:388:13:MX_TIM3_Init	56	static
D:/Pc/Tools/stm32cube/Pascal/IMU_I2C/IMU_I2C/Core/Src/main.c:437:13:MX_USART2_UART_Init	8	static
D:/Pc/Tools/stm32cube/Pascal/IMU_I2C/IMU_I2C/Core/Src/main.c:485:13:MX_GPIO_Init	40	static
D:/Pc/Tools/stm32cube/Pascal/IMU_I2C/IMU_I2C/Core/Src/main.c:537:6:IMU_Init	16	static
D:/Pc/Tools/stm32cube/Pascal/IMU_I2C/IMU_I2C/Core/Src/main.c:557:6:IMU_Read	16	static
D:/Pc/Tools/stm32cube/Pascal/IMU_I2C/IMU_I2C/Core/Src/main.c:584:6:IMU_UpdateHeading	24	static
D:/Pc/Tools/stm32cube/Pascal/IMU_I2C/IMU_I2C/Core/Src/main.c:614:6:IMU_PrintDebug	104	static
D:/Pc/Tools/stm32cube/Pascal/IMU_I2C/IMU_I2C/Core/Src/main.c:630:5:_write	24	static
D:/Pc/Tools/stm32cube/Pascal/IMU_I2C/IMU_I2C/Core/Src/main.c:640:6:IMU_CalibrateGyro	64	static
D:/Pc/Tools/stm32cube/Pascal/IMU_I2C/IMU_I2C/Core/Src/main.c:674:6:Error_Handler	4	static,ignoring_inline_asm
