../Core/Src/main.c:87:5:main	8	static
../Core/Src/main.c:170:6:SystemClock_Config	88	static
../Core/Src/main.c:216:13:MX_I2C1_Init	8	static
../Core/Src/main.c:264:13:MX_TIM1_Init	104	static
../Core/Src/main.c:340:13:MX_TIM2_Init	56	static
../Core/Src/main.c:389:13:MX_TIM3_Init	56	static
../Core/Src/main.c:438:13:MX_USART2_UART_Init	8	static
../Core/Src/main.c:486:13:MX_GPIO_Init	40	static
../Core/Src/main.c:538:6:IMU_Init	16	static
../Core/Src/main.c:558:6:IMU_Read	16	static
../Core/Src/main.c:585:6:IMU_UpdateHeading	24	static
../Core/Src/main.c:615:6:IMU_PrintDebug	104	static
../Core/Src/main.c:631:5:_write	24	static
../Core/Src/main.c:641:6:IMU_CalibrateGyro	64	static
../Core/Src/main.c:675:6:Error_Handler	4	static,ignoring_inline_asm
