../Core/Src/main.c:96:5:main	48	static
../Core/Src/main.c:172:6:SystemClock_Config	88	static
../Core/Src/main.c:218:13:MX_ADC1_Init	56	static
../Core/Src/main.c:286:13:MX_I2C1_Init	8	static
../Core/Src/main.c:334:13:MX_TIM1_Init	120	static
../Core/Src/main.c:420:13:MX_TIM2_Init	56	static
../Core/Src/main.c:469:13:MX_TIM3_Init	56	static
../Core/Src/main.c:518:13:MX_TIM6_Init	24	static
../Core/Src/main.c:556:13:MX_USART2_UART_Init	8	static
../Core/Src/main.c:604:13:MX_GPIO_Init	40	static
../Core/Src/main.c:651:5:__io_putchar	16	static
../Core/Src/main.c:662:6:Error_Handler	4	static,ignoring_inline_asm
