../Core/Src/main.c:90:6:Safe_Delay	24	static
../Core/Src/main.c:100:10:DWT_GetMicros	4	static
../Core/Src/main.c:111:1:__io_putchar	16	static
../Core/Src/main.c:117:6:Calibrate_Gyro	24	static
../Core/Src/main.c:138:5:main	16	static
../Core/Src/main.c:345:6:SystemClock_Config	88	static
../Core/Src/main.c:392:13:MX_ADC1_Init	56	static
../Core/Src/main.c:461:6:I2C_Bus_Clear	40	static
../Core/Src/main.c:485:13:MX_I2C1_Init	8	static
../Core/Src/main.c:533:13:MX_IWDG_Init	8	static
../Core/Src/main.c:562:13:MX_TIM1_Init	104	static
../Core/Src/main.c:638:13:MX_TIM2_Init	56	static
../Core/Src/main.c:687:13:MX_TIM3_Init	56	static
../Core/Src/main.c:736:13:MX_TIM6_Init	24	static
../Core/Src/main.c:774:13:MX_USART2_UART_Init	8	static
../Core/Src/main.c:822:13:MX_GPIO_Init	48	static
../Core/Src/main.c:889:6:HAL_TIM_PeriodElapsedCallback	16	static
../Core/Src/main.c:921:6:Error_Handler	4	static,ignoring_inline_asm
