../Core/Src/main.c:86:6:DWT_Init	4	static
../Core/Src/main.c:93:10:DWT_GetMicros	4	static
../Core/Src/main.c:103:5:main	32	static
../Core/Src/main.c:182:6:SystemClock_Config	88	static
../Core/Src/main.c:228:13:MX_ADC1_Init	56	static
../Core/Src/main.c:302:13:MX_TIM1_Init	104	static
../Core/Src/main.c:378:13:MX_TIM2_Init	56	static
../Core/Src/main.c:427:13:MX_TIM3_Init	56	static
../Core/Src/main.c:476:13:MX_TIM6_Init	24	static
../Core/Src/main.c:514:13:MX_USART2_UART_Init	8	static
../Core/Src/main.c:562:13:MX_GPIO_Init	40	static
../Core/Src/main.c:613:6:HAL_TIM_PeriodElapsedCallback	16	static
../Core/Src/main.c:624:5:__io_putchar	16	static
../Core/Src/main.c:636:6:Error_Handler	4	static,ignoring_inline_asm
